[demo.cocobasic.com/volos-wp/demo-1/index.html]
[demo.cocobasic.com/volos-wp/demo-1/great-turbulent-clouds-hearts-of-the-stars-stirred-by-starlight-sky-culture/index.html]
[backblue.gif]
[fade.gif]
[index.html]
[demo.cocobasic.com/volos-wp/demo-1/wp-content/cache/autoptimize/css/autoptimize_82d02206847dc3ac4b36a82c66a24472.css]
[demo.cocobasic.com/volos-wp/demo-1/wp-content/uploads/elementor/css/custom-frontend.min.css]
[demo.cocobasic.com/volos-wp/demo-1/wp-content/cache/autoptimize/css/autoptimize_single_8af8dd8bebb51418d7b61dbdfc698bed.css]
[demo.cocobasic.com/volos-wp/demo-1/wp-content/cache/autoptimize/css/autoptimize_single_09abaf641e917d6e45555686b7d09752.css]
[demo.cocobasic.com/volos-wp/demo-1/wp-includes/js/jquery/jquery.min.js]
[demo.cocobasic.com/volos-wp/demo-1/wp-json/wp/v2/pages/9.json]
[demo.cocobasic.com/volos-wp/demo-1/wp-json/index.html]
[demo.cocobasic.com/volos-wp/demo-1/wp-json/oembed/1.0/embedc2a8.json]
[demo.cocobasic.com/volos-wp/demo-1/wp-json/oembed/1.0/embedb9b2]
[demo.cocobasic.com/volos-wp/demo-1/wp-content/uploads/2019/11/cropped-favicon-32x32.png]
[demo.cocobasic.com/volos-wp/demo-1/wp-content/uploads/2019/11/cropped-favicon-192x192.png]
[demo.cocobasic.com/volos-wp/demo-1/wp-content/uploads/2019/11/cropped-favicon-180x180.png]
[demo.cocobasic.com/volos-wp/demo-1/wp-content/themes/volos-wp/images/preloader.gif]
[demo.cocobasic.com/volos-wp/demo-1/wp-content/uploads/2019/11/signature.png]
[demo.cocobasic.com/volos-wp/demo-1/wp-content/uploads/2019/11/service1.png]
[demo.cocobasic.com/volos-wp/demo-1/wp-content/uploads/2019/11/service2.png]
[demo.cocobasic.com/volos-wp/demo-1/wp-content/uploads/2019/11/service3.png]
[demo.cocobasic.com/volos-wp/demo-1/wp-content/uploads/2019/11/service4.png]
[demo.cocobasic.com/volos-wp/demo-1/wp-content/uploads/2019/11/portfolio1.jpg]
[demo.cocobasic.com/volos-wp/demo-1/blog/index.html]
[demo.cocobasic.com/volos-wp/demo-1/wp-content/uploads/2019/11/item_02.jpg]
[demo.cocobasic.com/volos-wp/demo-1/wp-content/uploads/2019/11/portfolio2.jpg]
[demo.cocobasic.com/volos-wp/demo-1/wp-content/uploads/2019/11/portfolio3.jpg]
[demo.cocobasic.com/volos-wp/demo-1/portfolio/item-1/index.html]
[demo.cocobasic.com/volos-wp/demo-1/wp-content/uploads/2019/11/portfolio4.jpg]
[demo.cocobasic.com/volos-wp/demo-1/wp-content/uploads/2019/11/item_03.jpg]
[demo.cocobasic.com/volos-wp/demo-1/wp-content/uploads/2019/11/portfolio5.jpg]
[demo.cocobasic.com/volos-wp/demo-1/wp-content/uploads/2019/11/portfolio6.jpg]
[demo.cocobasic.com/volos-wp/demo-1/portfolio/item-4/index.html]
[demo.cocobasic.com/volos-wp/demo-1/wp-content/uploads/2019/11/signature2.png]
[demo.cocobasic.com/volos-wp/demo-1/portfolio/item-6/index.html]
[demo.cocobasic.com/volos-wp/demo-1/wp-content/cache/autoptimize/css/autoptimize_single_3b0c33dc70dcd03d5dfb10fe9b7f8966.css]
[demo.cocobasic.com/volos-wp/demo-1/index.html]
[demo.cocobasic.com/volos-wp/demo-1/wp-content/cache/autoptimize/js/autoptimize_30f6ee3abb4ddfbde5baf14c7058d13f.js]
[demo.cocobasic.com/volos-wp/demo-1/wp-content/cache/autoptimize/css/autoptimize_27ac38fa3f43457c3843ddec42a4993b.css]
[demo.cocobasic.com/volos-wp/demo-1/wp-json/wp/v2/posts/162.json]
[demo.cocobasic.com/volos-wp/demo-1/wp-json/oembed/1.0/embed946d.json]
[demo.cocobasic.com/volos-wp/demo-1/wp-json/oembed/1.0/embed63ce]
[demo.cocobasic.com/volos-wp/demo-1/great-turbulent-clouds-hearts-of-the-stars-stirred-by-starlight-sky-culture/index.html]
[demo.cocobasic.com/volos-wp/demo-1/wp-content/uploads/2019/11/image_blog_03.jpg]
[demo.cocobasic.com/volos-wp/demo-1/author/anna-stone/index.html]
[demo.cocobasic.com/volos-wp/demo-1/category/uncategorized/index.html]
[demo.cocobasic.com/volos-wp/demo-1/preserve-and-cherish-that-pale-blue-dot-are-creatures-of-the-cosmos-light-years/index.html]
[demo.cocobasic.com/volos-wp/demo-1/wp-content/plugins/cocobasic-elementor/assets/images/prettyPhoto/default/sprite_next.png]
[demo.cocobasic.com/volos-wp/demo-1/wp-content/plugins/cocobasic-elementor/assets/css/owl.video.play.png]
[demo.cocobasic.com/volos-wp/demo-1/wp-content/plugins/cocobasic-elementor/assets/images/nav_left.png]
[demo.cocobasic.com/volos-wp/demo-1/wp-content/plugins/elementor/assets/lib/eicons/fonts/eicons8016.eot]
[demo.cocobasic.com/volos-wp/demo-1/wp-content/cache/autoptimize/css/autoptimize_82d02206847dc3ac4b36a82c66a24472.css]
[demo.cocobasic.com/volos-wp/demo-1/wp-content/uploads/elementor/css/custom-frontend.min.css]
[demo.cocobasic.com/volos-wp/demo-1/wp-content/cache/autoptimize/css/autoptimize_single_8af8dd8bebb51418d7b61dbdfc698bed.css]
[demo.cocobasic.com/volos-wp/demo-1/wp-content/uploads/2019/11/home.jpg]
[demo.cocobasic.com/volos-wp/demo-1/wp-content/cache/autoptimize/css/autoptimize_single_09abaf641e917d6e45555686b7d09752.css]
[demo.cocobasic.com/volos-wp/demo-1/wp-content/uploads/2019/11/image_blog_01.jpg]
[demo.cocobasic.com/volos-wp/demo-1/wp-content/uploads/2019/11/image_blog_02.jpg]
[demo.cocobasic.com/volos-wp/demo-1/hundreds-of-thousands-a-still-more-glorious-nights-around-art-table/index.html]
[demo.cocobasic.com/volos-wp/demo-1/blog/index.html]
[demo.cocobasic.com/volos-wp/demo-1/wp-content/cache/autoptimize/js/autoptimize_f55bcbf9c0f02cd5f8c8cb6410120d5a.js]
[demo.cocobasic.com/volos-wp/demo-1/wp-content/cache/autoptimize/css/autoptimize_single_264960b80a068472b9d811f79d17afbd.css]
[demo.cocobasic.com/volos-wp/demo-1/wp-json/wp/v2/portfolio/65.json]
[demo.cocobasic.com/volos-wp/demo-1/wp-json/oembed/1.0/embed3d3a.json]
[demo.cocobasic.com/volos-wp/demo-1/wp-json/oembed/1.0/embedfff9]
[demo.cocobasic.com/volos-wp/demo-1/wp-content/uploads/2019/11/item_01.jpg]
[demo.cocobasic.com/volos-wp/demo-1/portfolio/item-1/index.html]
[demo.cocobasic.com/volos-wp/demo-1/wp-content/cache/autoptimize/css/autoptimize_single_2633ce894d1fb442ff90aa0a17926a7d.css]
[demo.cocobasic.com/volos-wp/demo-1/wp-json/wp/v2/portfolio/56.json]
[demo.cocobasic.com/volos-wp/demo-1/wp-json/oembed/1.0/embed9eb1.json]
[demo.cocobasic.com/volos-wp/demo-1/portfolio/item-4/index.html]
[demo.cocobasic.com/volos-wp/demo-1/wp-json/oembed/1.0/embed6b11]
[demo.cocobasic.com/volos-wp/demo-1/wp-content/cache/autoptimize/css/autoptimize_single_662562fa4257fa7e27003ffcc3e3ca38.css]
[demo.cocobasic.com/volos-wp/demo-1/wp-json/wp/v2/portfolio/50.json]
[demo.cocobasic.com/volos-wp/demo-1/wp-json/oembed/1.0/embed1f79.json]
[demo.cocobasic.com/volos-wp/demo-1/portfolio/item-6/index.html]
[demo.cocobasic.com/volos-wp/demo-1/wp-content/cache/autoptimize/css/autoptimize_single_3b0c33dc70dcd03d5dfb10fe9b7f8966.css]
[demo.cocobasic.com/volos-wp/demo-1/wp-content/cache/autoptimize/css/autoptimize_27ac38fa3f43457c3843ddec42a4993b.css]
[demo.cocobasic.com/volos-wp/demo-1/indexbbc7.html]
[demo.cocobasic.com/volos-wp/demo-1/wp-json/oembed/1.0/embedf4a2]
[demo.cocobasic.com/volos-wp/demo-1/author/anna-stone/index.html]
[demo.cocobasic.com/volos-wp/demo-1/wp-json/wp/v2/users/1.json]
[demo.cocobasic.com/volos-wp/demo-1/author/anna-stone/feed/index.html]
[demo.cocobasic.com/volos-wp/demo-1/category/uncategorized/index.html]
[demo.cocobasic.com/volos-wp/demo-1/wp-json/wp/v2/categories/1.json]
[demo.cocobasic.com/volos-wp/demo-1/category/uncategorized/feed/index.html]
[demo.cocobasic.com/volos-wp/demo-1/wp-json/wp/v2/posts/160.json]
[demo.cocobasic.com/volos-wp/demo-1/wp-json/oembed/1.0/embed74b3.json]
[demo.cocobasic.com/volos-wp/demo-1/preserve-and-cherish-that-pale-blue-dot-are-creatures-of-the-cosmos-light-years/index.html]
[demo.cocobasic.com/volos-wp/demo-1/wp-content/plugins/cocobasic-elementor/assets/css/owl.video.play.html]
[demo.cocobasic.com/volos-wp/demo-1/wp-json/oembed/1.0/embed57e5]
[demo.cocobasic.com/volos-wp/demo-1/wp-json/wp/v2/posts/131.json]
[demo.cocobasic.com/volos-wp/demo-1/wp-json/oembed/1.0/embedd73a.json]
[demo.cocobasic.com/volos-wp/demo-1/hundreds-of-thousands-a-still-more-glorious-nights-around-art-table/index.html]
[demo.cocobasic.com/volos-wp/demo-1/wp-content/cache/autoptimize/css/autoptimize_single_264960b80a068472b9d811f79d17afbd.css]
[demo.cocobasic.com/volos-wp/demo-1/index7665.html]
[demo.cocobasic.com/volos-wp/demo-1/wp-content/cache/autoptimize/css/autoptimize_single_2633ce894d1fb442ff90aa0a17926a7d.css]
[demo.cocobasic.com/volos-wp/demo-1/index2dc8.html]
[demo.cocobasic.com/volos-wp/demo-1/wp-content/cache/autoptimize/css/autoptimize_single_662562fa4257fa7e27003ffcc3e3ca38.css]
[demo.cocobasic.com/volos-wp/demo-1/index6aed.html]
[demo.cocobasic.com/volos-wp/demo-1/index9c2b.html]
[demo.cocobasic.com/volos-wp/demo-1/xmlrpc0db0.php]
[demo.cocobasic.com/volos-wp/demo-1/indexd52d.html]
[demo.cocobasic.com/volos-wp/demo-1/wp-json/oembed/1.0/embedcc03]
