[demo.cocobasic.com/volos-wp/demo-1/blog/index.html]
[backblue.gif]
[fade.gif]
[index.html]
[demo.cocobasic.com/volos-wp/demo-1/wp-content/cache/autoptimize/css/autoptimize_b2fd8562be40cb35dee467b0d200af1e.css]
[demo.cocobasic.com/volos-wp/demo-1/wp-includes/js/jquery/jquery.min.js]
[demo.cocobasic.com/volos-wp/demo-1/wp-content/uploads/2019/11/cropped-favicon-32x32.png]
[demo.cocobasic.com/volos-wp/demo-1/wp-content/uploads/2019/11/cropped-favicon-192x192.png]
[demo.cocobasic.com/volos-wp/demo-1/wp-content/uploads/2019/11/cropped-favicon-180x180.png]
[demo.cocobasic.com/volos-wp/demo-1/wp-content/themes/volos-wp/images/preloader.gif]
[demo.cocobasic.com/volos-wp/demo-1/wp-content/uploads/2019/11/signature.png]
[demo.cocobasic.com/volos-wp/demo-1/wp-content/uploads/2019/11/image_blog_01.jpg]
[demo.cocobasic.com/volos-wp/demo-1/wp-content/uploads/2019/11/image_blog_02.jpg]
[demo.cocobasic.com/volos-wp/demo-1/wp-content/uploads/2019/11/image_blog_03.jpg]
[demo.cocobasic.com/volos-wp/demo-1/wp-content/uploads/elementor/css/custom-frontend.min.css]
[demo.cocobasic.com/volos-wp/demo-1/wp-content/cache/autoptimize/css/autoptimize_single_af8cad7427e804f572c1f7acc9f324c5.css]
[demo.cocobasic.com/volos-wp/demo-1/wp-content/cache/autoptimize/css/autoptimize_single_e3a1a1ac440a36768a0a915ccb955603.css]
[demo.cocobasic.com/cdn-cgi/scripts/5c5dd728/cloudflare-static/email-decode.min.js]
[demo.cocobasic.com/volos-wp/demo-1/wp-includes/js/dist/vendor/wp-polyfill.min.js]
[demo.cocobasic.com/volos-wp/demo-1/wp-includes/js/dist/vendor/wp-polyfill-fetch.min6e0e.js]
[demo.cocobasic.com/volos-wp/demo-1/wp-includes/js/dist/vendor/wp-polyfill-node-contains.min2e00.js]
[demo.cocobasic.com/volos-wp/demo-1/wp-includes/js/dist/vendor/wp-polyfill-dom-rect.min2e00.js]
[demo.cocobasic.com/volos-wp/demo-1/wp-includes/js/dist/vendor/wp-polyfill-url.min5aed.js]
[demo.cocobasic.com/volos-wp/demo-1/wp-includes/js/dist/vendor/wp-polyfill-formdata.mine9bd.js]
[demo.cocobasic.com/volos-wp/demo-1/wp-includes/js/dist/vendor/wp-polyfill-element-closest.min4c56.js]
[demo.cocobasic.com/volos-wp/demo-1/wp-includes/js/dist/vendor/wp-polyfill-object-fit.min531b.js]
[demo.cocobasic.com/volos-wp/demo-1/wp-includes/js/dist/hooks.min.js]
[demo.cocobasic.com/volos-wp/demo-1/wp-includes/js/dist/i18n.min.js]
[demo.cocobasic.com/volos-wp/demo-1/wp-includes/js/dist/vendor/lodash.min.js]
[demo.cocobasic.com/volos-wp/demo-1/wp-includes/js/dist/url.min.js]
[demo.cocobasic.com/volos-wp/demo-1/wp-includes/js/dist/api-fetch.min.js]
[demo.cocobasic.com/volos-wp/demo-1/blog/index.html]
[demo.cocobasic.com/volos-wp/demo-1/wp-content/cache/autoptimize/js/autoptimize_f7035722aeb1e595f1cfd3e9ee54b019.js]
[demo.cocobasic.com/volos-wp/demo-1/wp-content/plugins/cocobasic-elementor/assets/images/prettyPhoto/default/sprite_next.png]
[demo.cocobasic.com/volos-wp/demo-1/wp-content/plugins/cocobasic-elementor/assets/css/owl.video.play.png]
[demo.cocobasic.com/volos-wp/demo-1/wp-content/plugins/cocobasic-elementor/assets/images/nav_left.png]
[demo.cocobasic.com/volos-wp/demo-1/wp-content/cache/autoptimize/css/autoptimize_b2fd8562be40cb35dee467b0d200af1e.css]
[demo.cocobasic.com/volos-wp/demo-1/wp-content/uploads/elementor/css/custom-frontend.min.css]
[demo.cocobasic.com/volos-wp/demo-1/wp-content/cache/autoptimize/css/autoptimize_single_af8cad7427e804f572c1f7acc9f324c5.css]
[demo.cocobasic.com/volos-wp/demo-1/wp-content/cache/autoptimize/css/autoptimize_single_e3a1a1ac440a36768a0a915ccb955603.css]
[demo.cocobasic.com/volos-wp/demo-1/wp-content/plugins/cocobasic-elementor/assets/css/owl.video.play.html]
